---
source: crates/shep-core/src/protocol/request.rs
expression: replies
---
[
  {
    "id": 1,
    "result": {
      "Ok": {
        "kind": "pong"
      }
    }
  },
  {
    "id": 2,
    "result": {
      "Ok": {
        "kind": "flock",
        "data": [
          {
            "id": 3,
            "name": "web",
            "status": "online",
            "pid": 4242,
            "restarts": 1,
            "uptime_ms": 60000,
            "fold": "backend",
            "out_file": "/home/rin/.shep/logs/web-0-out.log",
            "err_file": "/home/rin/.shep/logs/web-0-err.log",
            "cpu_percent": 12.5,
            "memory_bytes": 50331648,
            "dog": null
          }
        ]
      }
    }
  },
  {
    "id": 3,
    "result": {
      "Err": {
        "code": "not_found",
        "message": "no sheep matches `web`"
      }
    }
  },
  {
    "id": 4,
    "result": {
      "Ok": {
        "kind": "triggered",
        "data": [
          {
            "id": 3,
            "name": "web",
            "outcome": {
              "kind": "replied",
              "body": "ok"
            }
          }
        ]
      }
    }
  },
  {
    "id": 5,
    "result": {
      "Ok": {
        "kind": "roll_saved",
        "data": {
          "path": "/home/rin/.shep/flock.json",
          "apps": 2
        }
      }
    }
  },
  {
    "id": 6,
    "result": {
      "Ok": {
        "kind": "flock",
        "data": [
          {
            "id": 7,
            "name": "otel",
            "status": "online",
            "pid": 4242,
            "restarts": 1,
            "uptime_ms": 60000,
            "fold": "backend",
            "out_file": "/home/rin/.shep/logs/web-0-out.log",
            "err_file": "/home/rin/.shep/logs/web-0-err.log",
            "cpu_percent": 12.5,
            "memory_bytes": 50331648,
            "dog": {
              "kind": "adopted",
              "path": "/usr/local/bin/shep-otel"
            }
          }
        ]
      }
    }
  },
  {
    "id": 7,
    "result": {
      "Ok": {
        "kind": "dog_section",
        "data": {
          "toml": "port = 9615\n"
        }
      }
    }
  },
  {
    "id": 8,
    "result": {
      "Ok": {
        "kind": "dog_started",
        "data": {
          "id": 4,
          "name": "metrics",
          "status": "online",
          "pid": 4242,
          "restarts": 1,
          "uptime_ms": 60000,
          "fold": "backend",
          "out_file": "/home/rin/.shep/logs/web-0-out.log",
          "err_file": "/home/rin/.shep/logs/web-0-err.log",
          "cpu_percent": 12.5,
          "memory_bytes": 50331648,
          "dog": {
            "kind": "built_in"
          }
        }
      }
    }
  },
  {
    "id": 9,
    "result": {
      "Ok": {
        "kind": "described",
        "data": []
      }
    }
  },
  {
    "id": 10,
    "result": {
      "Ok": {
        "kind": "started",
        "data": []
      }
    }
  },
  {
    "id": 11,
    "result": {
      "Ok": {
        "kind": "stopped",
        "data": []
      }
    }
  },
  {
    "id": 12,
    "result": {
      "Ok": {
        "kind": "restarted",
        "data": []
      }
    }
  },
  {
    "id": 13,
    "result": {
      "Ok": {
        "kind": "reloading",
        "data": []
      }
    }
  },
  {
    "id": 14,
    "result": {
      "Ok": {
        "kind": "deleted",
        "data": [
          7,
          8
        ]
      }
    }
  },
  {
    "id": 15,
    "result": {
      "Ok": {
        "kind": "reopened",
        "data": []
      }
    }
  },
  {
    "id": 16,
    "result": {
      "Ok": {
        "kind": "flushed",
        "data": []
      }
    }
  },
  {
    "id": 17,
    "result": {
      "Ok": {
        "kind": "mustered",
        "data": []
      }
    }
  },
  {
    "id": 18,
    "result": {
      "Ok": {
        "kind": "subscribed"
      }
    }
  },
  {
    "id": 19,
    "result": {
      "Ok": {
        "kind": "shutting_down"
      }
    }
  },
  {
    "id": 20,
    "result": {
      "Ok": {
        "kind": "signalled",
        "data": [
          {
            "id": 1,
            "name": "web",
            "outcome": {
              "kind": "delivered"
            }
          },
          {
            "id": 2,
            "name": "web",
            "outcome": {
              "kind": "not_running"
            }
          },
          {
            "id": 3,
            "name": "api",
            "outcome": {
              "kind": "failed",
              "reason": "no such process"
            }
          }
        ]
      }
    }
  }
]
