---
source: crates/shep-core/src/protocol/request.rs
expression: replies
---
[
  {
    "id": 1,
    "result": {
      "Ok": {
        "kind": "pong"
      }
    }
  },
  {
    "id": 2,
    "result": {
      "Ok": {
        "kind": "flock",
        "data": [
          {
            "id": 3,
            "name": "web",
            "status": "online",
            "pid": 4242,
            "restarts": 1,
            "uptime_ms": 60000,
            "fold": "backend",
            "out_file": "/home/rin/.shep/logs/web-0-out.log",
            "err_file": "/home/rin/.shep/logs/web-0-err.log",
            "cpu_percent": 12.5,
            "memory_bytes": 50331648,
            "dog": null
          }
        ]
      }
    }
  },
  {
    "id": 3,
    "result": {
      "Err": {
        "code": "not_found",
        "message": "no sheep matches `web`"
      }
    }
  },
  {
    "id": 4,
    "result": {
      "Ok": {
        "kind": "triggered",
        "data": [
          {
            "id": 3,
            "name": "web",
            "outcome": {
              "kind": "replied",
              "body": "ok"
            }
          }
        ]
      }
    }
  },
  {
    "id": 5,
    "result": {
      "Ok": {
        "kind": "roll_saved",
        "data": {
          "path": "/home/rin/.shep/flock.json",
          "apps": 2
        }
      }
    }
  },
  {
    "id": 6,
    "result": {
      "Ok": {
        "kind": "flock",
        "data": [
          {
            "id": 7,
            "name": "otel",
            "status": "online",
            "pid": 4242,
            "restarts": 1,
            "uptime_ms": 60000,
            "fold": "backend",
            "out_file": "/home/rin/.shep/logs/web-0-out.log",
            "err_file": "/home/rin/.shep/logs/web-0-err.log",
            "cpu_percent": 12.5,
            "memory_bytes": 50331648,
            "dog": {
              "kind": "adopted",
              "path": "/usr/local/bin/shep-otel"
            }
          }
        ]
      }
    }
  }
]
