---
source: crates/shep-core/src/protocol/events.rs
expression: events
---
[
  {
    "event": "process",
    "data": {
      "event": "exit",
      "info": {
        "id": 3,
        "name": "web",
        "status": "waiting-restart",
        "pid": null,
        "restarts": 2,
        "uptime_ms": 500,
        "fold": null,
        "out_file": "/home/rin/.shep/logs/web-0-out.log",
        "err_file": "/home/rin/.shep/logs/web-0-err.log",
        "cpu_percent": null,
        "memory_bytes": null
      },
      "manually": false,
      "at_ms": 1700000000000
    }
  },
  {
    "event": "log_out",
    "data": {
      "id": 3,
      "line": "listening on :8080"
    }
  },
  {
    "event": "dropped",
    "data": {
      "count": 17
    }
  }
]
