---
source: crates/shep-cli/src/lookout/frames.rs
expression: render_text(&buffer)
---
shep lookout   /home/rin/.shep                                                        0 in the flock
ID    NAME                STATUS           PID      RESTARTS  CPU     MEM       UPTIME    FOLD      
────────────────────────────────────────────────────────────────────────────────────────────────────
the flock is empty                                                                                  
                                                                                                    
                                                                                                    
                                                                                                    
                                                                                                    
                                                                                                    
                                                                                                    
                                                                                                    
q quit   j/k scroll   g/G top/bottom   r refresh   x stop                                  read-only
