---
source: crates/shep-cli/src/output/table.rs
expression: rendered
---
┌────┬────────┬────────────────┬──────┬──────────┬─────┬─────┬────────┬──────┐
│ ID │ NAME   │ STATUS         │ PID  │ RESTARTS │ CPU │ MEM │ UPTIME │ FOLD │
├────┼────────┼────────────────┼──────┼──────────┼─────┼─────┼────────┼──────┤
│ 0  │ web    │ (o.o) online   │ 1234 │ 0        │ -   │ -   │ 1h 2m  │ -    │
│ 1  │ worker │ (o~o) starting │ -    │ 0        │ -   │ -   │ 0s     │ -    │
│ 2  │ api    │ (x.x) errored  │ -    │ 4        │ -   │ -   │ 0s     │ -    │
│ 3  │ cron   │ (-.-) stopped  │ -    │ 0        │ -   │ -   │ 0s     │ -    │
└────┴────────┴────────────────┴──────┴──────────┴─────┴─────┴────────┴──────┘
