---
source: crates/shep-cli/src/output/table.rs
assertion_line: 1039
expression: rendered
---
┌────┬────────┬────────┬──────┬──────────┬──────┬─────┬─────┬────────┬──────┐
│ ID │ NAME   │ STATUS │ PID  │ RESTARTS │ EXIT │ CPU │ MEM │ UPTIME │ FOLD │
├────┼────────┼────────┼──────┼──────────┼──────┼─────┼─────┼────────┼──────┤
│ 0  │ web    │ [38;5;29m(o.o)[0m  │ 1234 │ 0        │ -    │ -   │ -   │ 1h 2m  │ -    │
│ 1  │ worker │ [38;5;221m(o~o)[0m  │ -    │ 0        │ -    │ -   │ -   │ 0s     │ -    │
│ 2  │ api    │ [38;5;166m(x.x)[0m  │ -    │ 4        │ -    │ -   │ -   │ 0s     │ -    │
│ 3  │ cron   │ [38;5;245m(-.-)[0m  │ -    │ 0        │ -    │ -   │ -   │ 0s     │ -    │
└────┴────────┴────────┴──────┴──────────┴──────┴─────┴─────┴────────┴──────┘
  SMIT hidden. Widen the window, or use --format json.
